// Vitest Snapshot v1, https://vitest.dev/guide/snapshot.html

exports[`handles workflow failure in simple workflows (1) 1`] = `
{
  "conditions": [
    {
      "marking": 1,
      "name": "start",
      "workflowId": "workflow-1",
      "workflowName": "activities",
    },
    {
      "marking": 0,
      "name": "end",
      "workflowId": "workflow-1",
      "workflowName": "activities",
    },
    {
      "marking": 0,
      "name": "implicit:t1->t2",
      "workflowId": "workflow-1",
      "workflowName": "activities",
    },
    {
      "marking": 0,
      "name": "implicit:t1->t3",
      "workflowId": "workflow-1",
      "workflowName": "activities",
    },
    {
      "marking": 0,
      "name": "implicit:t2->t4",
      "workflowId": "workflow-1",
      "workflowName": "activities",
    },
    {
      "marking": 0,
      "name": "implicit:t3->t4",
      "workflowId": "workflow-1",
      "workflowName": "activities",
    },
  ],
  "tasks": [
    {
      "generation": 0,
      "name": "t1",
      "state": "enabled",
      "workflowId": "workflow-1",
      "workflowName": "activities",
    },
    {
      "generation": 0,
      "name": "t2",
      "state": "disabled",
      "workflowId": "workflow-1",
      "workflowName": "activities",
    },
    {
      "generation": 0,
      "name": "t3",
      "state": "disabled",
      "workflowId": "workflow-1",
      "workflowName": "activities",
    },
    {
      "generation": 0,
      "name": "t4",
      "state": "disabled",
      "workflowId": "workflow-1",
      "workflowName": "activities",
    },
  ],
  "workItems": [],
  "workflows": [
    {
      "context": undefined,
      "id": "workflow-1",
      "name": "activities",
      "parent": null,
      "state": "started",
    },
  ],
}
`;

exports[`handles workflow failure in simple workflows (1) 2`] = `
{
  "conditions": [
    {
      "marking": 0,
      "name": "start",
      "workflowId": "workflow-1",
      "workflowName": "activities",
    },
    {
      "marking": 0,
      "name": "end",
      "workflowId": "workflow-1",
      "workflowName": "activities",
    },
    {
      "marking": 1,
      "name": "implicit:t1->t2",
      "workflowId": "workflow-1",
      "workflowName": "activities",
    },
    {
      "marking": 1,
      "name": "implicit:t1->t3",
      "workflowId": "workflow-1",
      "workflowName": "activities",
    },
    {
      "marking": 0,
      "name": "implicit:t2->t4",
      "workflowId": "workflow-1",
      "workflowName": "activities",
    },
    {
      "marking": 0,
      "name": "implicit:t3->t4",
      "workflowId": "workflow-1",
      "workflowName": "activities",
    },
  ],
  "tasks": [
    {
      "generation": 1,
      "name": "t1",
      "state": "completed",
      "workflowId": "workflow-1",
      "workflowName": "activities",
    },
    {
      "generation": 0,
      "name": "t2",
      "state": "enabled",
      "workflowId": "workflow-1",
      "workflowName": "activities",
    },
    {
      "generation": 0,
      "name": "t3",
      "state": "enabled",
      "workflowId": "workflow-1",
      "workflowName": "activities",
    },
    {
      "generation": 0,
      "name": "t4",
      "state": "disabled",
      "workflowId": "workflow-1",
      "workflowName": "activities",
    },
  ],
  "workItems": [],
  "workflows": [
    {
      "context": undefined,
      "id": "workflow-1",
      "name": "activities",
      "parent": null,
      "state": "started",
    },
  ],
}
`;

exports[`handles workflow failure in simple workflows (1) 3`] = `
{
  "conditions": [
    {
      "marking": 0,
      "name": "start",
      "workflowId": "workflow-1",
      "workflowName": "activities",
    },
    {
      "marking": 0,
      "name": "end",
      "workflowId": "workflow-1",
      "workflowName": "activities",
    },
    {
      "marking": 0,
      "name": "implicit:t1->t2",
      "workflowId": "workflow-1",
      "workflowName": "activities",
    },
    {
      "marking": 1,
      "name": "implicit:t1->t3",
      "workflowId": "workflow-1",
      "workflowName": "activities",
    },
    {
      "marking": 0,
      "name": "implicit:t2->t4",
      "workflowId": "workflow-1",
      "workflowName": "activities",
    },
    {
      "marking": 0,
      "name": "implicit:t3->t4",
      "workflowId": "workflow-1",
      "workflowName": "activities",
    },
  ],
  "tasks": [
    {
      "generation": 1,
      "name": "t1",
      "state": "completed",
      "workflowId": "workflow-1",
      "workflowName": "activities",
    },
    {
      "generation": 1,
      "name": "t2",
      "state": "started",
      "workflowId": "workflow-1",
      "workflowName": "activities",
    },
    {
      "generation": 0,
      "name": "t3",
      "state": "enabled",
      "workflowId": "workflow-1",
      "workflowName": "activities",
    },
    {
      "generation": 0,
      "name": "t4",
      "state": "disabled",
      "workflowId": "workflow-1",
      "workflowName": "activities",
    },
  ],
  "workItems": [],
  "workflows": [
    {
      "context": undefined,
      "id": "workflow-1",
      "name": "activities",
      "parent": null,
      "state": "started",
    },
  ],
}
`;

exports[`handles workflow failure in simple workflows (1) 4`] = `
{
  "conditions": [
    {
      "marking": 0,
      "name": "start",
      "workflowId": "workflow-1",
      "workflowName": "activities",
    },
    {
      "marking": 0,
      "name": "end",
      "workflowId": "workflow-1",
      "workflowName": "activities",
    },
    {
      "marking": 0,
      "name": "implicit:t1->t2",
      "workflowId": "workflow-1",
      "workflowName": "activities",
    },
    {
      "marking": 0,
      "name": "implicit:t1->t3",
      "workflowId": "workflow-1",
      "workflowName": "activities",
    },
    {
      "marking": 0,
      "name": "implicit:t2->t4",
      "workflowId": "workflow-1",
      "workflowName": "activities",
    },
    {
      "marking": 0,
      "name": "implicit:t3->t4",
      "workflowId": "workflow-1",
      "workflowName": "activities",
    },
  ],
  "tasks": [
    {
      "generation": 1,
      "name": "t1",
      "state": "completed",
      "workflowId": "workflow-1",
      "workflowName": "activities",
    },
    {
      "generation": 1,
      "name": "t2",
      "state": "failed",
      "workflowId": "workflow-1",
      "workflowName": "activities",
    },
    {
      "generation": 0,
      "name": "t3",
      "state": "disabled",
      "workflowId": "workflow-1",
      "workflowName": "activities",
    },
    {
      "generation": 0,
      "name": "t4",
      "state": "disabled",
      "workflowId": "workflow-1",
      "workflowName": "activities",
    },
  ],
  "workItems": [
    {
      "id": "workItem-1",
      "payload": null,
      "state": "failed",
      "taskGeneration": 1,
      "taskName": "t2",
      "workflowId": "workflow-1",
      "workflowName": "activities",
    },
    {
      "id": "workItem-2",
      "payload": null,
      "state": "canceled",
      "taskGeneration": 1,
      "taskName": "t2",
      "workflowId": "workflow-1",
      "workflowName": "activities",
    },
  ],
  "workflows": [
    {
      "context": undefined,
      "id": "workflow-1",
      "name": "activities",
      "parent": null,
      "state": "failed",
    },
  ],
}
`;

exports[`handles workflow failure in simple workflows (2) 1`] = `
{
  "conditions": [
    {
      "marking": 1,
      "name": "start",
      "workflowId": "workflow-1",
      "workflowName": "activities",
    },
    {
      "marking": 0,
      "name": "end",
      "workflowId": "workflow-1",
      "workflowName": "activities",
    },
    {
      "marking": 0,
      "name": "implicit:t1->t2",
      "workflowId": "workflow-1",
      "workflowName": "activities",
    },
    {
      "marking": 0,
      "name": "implicit:t1->t3",
      "workflowId": "workflow-1",
      "workflowName": "activities",
    },
    {
      "marking": 0,
      "name": "implicit:t2->t4",
      "workflowId": "workflow-1",
      "workflowName": "activities",
    },
    {
      "marking": 0,
      "name": "implicit:t3->t4",
      "workflowId": "workflow-1",
      "workflowName": "activities",
    },
  ],
  "tasks": [
    {
      "generation": 0,
      "name": "t1",
      "state": "enabled",
      "workflowId": "workflow-1",
      "workflowName": "activities",
    },
    {
      "generation": 0,
      "name": "t2",
      "state": "disabled",
      "workflowId": "workflow-1",
      "workflowName": "activities",
    },
    {
      "generation": 0,
      "name": "t3",
      "state": "disabled",
      "workflowId": "workflow-1",
      "workflowName": "activities",
    },
    {
      "generation": 0,
      "name": "t4",
      "state": "disabled",
      "workflowId": "workflow-1",
      "workflowName": "activities",
    },
  ],
  "workItems": [],
  "workflows": [
    {
      "context": undefined,
      "id": "workflow-1",
      "name": "activities",
      "parent": null,
      "state": "started",
    },
  ],
}
`;

exports[`handles workflow failure in simple workflows (2) 2`] = `
{
  "conditions": [
    {
      "marking": 0,
      "name": "start",
      "workflowId": "workflow-1",
      "workflowName": "activities",
    },
    {
      "marking": 0,
      "name": "end",
      "workflowId": "workflow-1",
      "workflowName": "activities",
    },
    {
      "marking": 1,
      "name": "implicit:t1->t2",
      "workflowId": "workflow-1",
      "workflowName": "activities",
    },
    {
      "marking": 1,
      "name": "implicit:t1->t3",
      "workflowId": "workflow-1",
      "workflowName": "activities",
    },
    {
      "marking": 0,
      "name": "implicit:t2->t4",
      "workflowId": "workflow-1",
      "workflowName": "activities",
    },
    {
      "marking": 0,
      "name": "implicit:t3->t4",
      "workflowId": "workflow-1",
      "workflowName": "activities",
    },
  ],
  "tasks": [
    {
      "generation": 1,
      "name": "t1",
      "state": "completed",
      "workflowId": "workflow-1",
      "workflowName": "activities",
    },
    {
      "generation": 0,
      "name": "t2",
      "state": "enabled",
      "workflowId": "workflow-1",
      "workflowName": "activities",
    },
    {
      "generation": 0,
      "name": "t3",
      "state": "enabled",
      "workflowId": "workflow-1",
      "workflowName": "activities",
    },
    {
      "generation": 0,
      "name": "t4",
      "state": "disabled",
      "workflowId": "workflow-1",
      "workflowName": "activities",
    },
  ],
  "workItems": [],
  "workflows": [
    {
      "context": undefined,
      "id": "workflow-1",
      "name": "activities",
      "parent": null,
      "state": "started",
    },
  ],
}
`;

exports[`handles workflow failure in simple workflows (2) 3`] = `
{
  "conditions": [
    {
      "marking": 0,
      "name": "start",
      "workflowId": "workflow-1",
      "workflowName": "activities",
    },
    {
      "marking": 0,
      "name": "end",
      "workflowId": "workflow-1",
      "workflowName": "activities",
    },
    {
      "marking": 0,
      "name": "implicit:t1->t2",
      "workflowId": "workflow-1",
      "workflowName": "activities",
    },
    {
      "marking": 1,
      "name": "implicit:t1->t3",
      "workflowId": "workflow-1",
      "workflowName": "activities",
    },
    {
      "marking": 0,
      "name": "implicit:t2->t4",
      "workflowId": "workflow-1",
      "workflowName": "activities",
    },
    {
      "marking": 0,
      "name": "implicit:t3->t4",
      "workflowId": "workflow-1",
      "workflowName": "activities",
    },
  ],
  "tasks": [
    {
      "generation": 1,
      "name": "t1",
      "state": "completed",
      "workflowId": "workflow-1",
      "workflowName": "activities",
    },
    {
      "generation": 1,
      "name": "t2",
      "state": "started",
      "workflowId": "workflow-1",
      "workflowName": "activities",
    },
    {
      "generation": 0,
      "name": "t3",
      "state": "enabled",
      "workflowId": "workflow-1",
      "workflowName": "activities",
    },
    {
      "generation": 0,
      "name": "t4",
      "state": "disabled",
      "workflowId": "workflow-1",
      "workflowName": "activities",
    },
  ],
  "workItems": [],
  "workflows": [
    {
      "context": undefined,
      "id": "workflow-1",
      "name": "activities",
      "parent": null,
      "state": "started",
    },
  ],
}
`;

exports[`handles workflow failure in simple workflows (2) 4`] = `
{
  "conditions": [
    {
      "marking": 0,
      "name": "start",
      "workflowId": "workflow-1",
      "workflowName": "activities",
    },
    {
      "marking": 0,
      "name": "end",
      "workflowId": "workflow-1",
      "workflowName": "activities",
    },
    {
      "marking": 0,
      "name": "implicit:t1->t2",
      "workflowId": "workflow-1",
      "workflowName": "activities",
    },
    {
      "marking": 0,
      "name": "implicit:t1->t3",
      "workflowId": "workflow-1",
      "workflowName": "activities",
    },
    {
      "marking": 0,
      "name": "implicit:t2->t4",
      "workflowId": "workflow-1",
      "workflowName": "activities",
    },
    {
      "marking": 0,
      "name": "implicit:t3->t4",
      "workflowId": "workflow-1",
      "workflowName": "activities",
    },
  ],
  "tasks": [
    {
      "generation": 1,
      "name": "t1",
      "state": "completed",
      "workflowId": "workflow-1",
      "workflowName": "activities",
    },
    {
      "generation": 1,
      "name": "t2",
      "state": "started",
      "workflowId": "workflow-1",
      "workflowName": "activities",
    },
    {
      "generation": 1,
      "name": "t3",
      "state": "started",
      "workflowId": "workflow-1",
      "workflowName": "activities",
    },
    {
      "generation": 0,
      "name": "t4",
      "state": "disabled",
      "workflowId": "workflow-1",
      "workflowName": "activities",
    },
  ],
  "workItems": [],
  "workflows": [
    {
      "context": undefined,
      "id": "workflow-1",
      "name": "activities",
      "parent": null,
      "state": "started",
    },
  ],
}
`;

exports[`handles workflow failure in simple workflows (2) 5`] = `
{
  "conditions": [
    {
      "marking": 0,
      "name": "start",
      "workflowId": "workflow-1",
      "workflowName": "activities",
    },
    {
      "marking": 0,
      "name": "end",
      "workflowId": "workflow-1",
      "workflowName": "activities",
    },
    {
      "marking": 0,
      "name": "implicit:t1->t2",
      "workflowId": "workflow-1",
      "workflowName": "activities",
    },
    {
      "marking": 0,
      "name": "implicit:t1->t3",
      "workflowId": "workflow-1",
      "workflowName": "activities",
    },
    {
      "marking": 0,
      "name": "implicit:t2->t4",
      "workflowId": "workflow-1",
      "workflowName": "activities",
    },
    {
      "marking": 0,
      "name": "implicit:t3->t4",
      "workflowId": "workflow-1",
      "workflowName": "activities",
    },
  ],
  "tasks": [
    {
      "generation": 1,
      "name": "t1",
      "state": "completed",
      "workflowId": "workflow-1",
      "workflowName": "activities",
    },
    {
      "generation": 1,
      "name": "t2",
      "state": "failed",
      "workflowId": "workflow-1",
      "workflowName": "activities",
    },
    {
      "generation": 1,
      "name": "t3",
      "state": "canceled",
      "workflowId": "workflow-1",
      "workflowName": "activities",
    },
    {
      "generation": 0,
      "name": "t4",
      "state": "disabled",
      "workflowId": "workflow-1",
      "workflowName": "activities",
    },
  ],
  "workItems": [
    {
      "id": "workItem-1",
      "payload": null,
      "state": "failed",
      "taskGeneration": 1,
      "taskName": "t2",
      "workflowId": "workflow-1",
      "workflowName": "activities",
    },
    {
      "id": "workItem-2",
      "payload": null,
      "state": "canceled",
      "taskGeneration": 1,
      "taskName": "t2",
      "workflowId": "workflow-1",
      "workflowName": "activities",
    },
    {
      "id": "workItem-3",
      "payload": null,
      "state": "canceled",
      "taskGeneration": 1,
      "taskName": "t3",
      "workflowId": "workflow-1",
      "workflowName": "activities",
    },
    {
      "id": "workItem-4",
      "payload": null,
      "state": "canceled",
      "taskGeneration": 1,
      "taskName": "t3",
      "workflowId": "workflow-1",
      "workflowName": "activities",
    },
  ],
  "workflows": [
    {
      "context": undefined,
      "id": "workflow-1",
      "name": "activities",
      "parent": null,
      "state": "failed",
    },
  ],
}
`;
